[    0.000000] Linux version 7.1.0-rc4-jerdos-s-g6779b50faa56 (root@vm) (gcc (Debian 14.2.0-19) 14.2.0, GNU ld (GNU Binutils for Debian) 2.44) #3 SMP PREEMPT_DYNAMIC Tue May 26 10:37:19 EDT 2026
[    0.000000] Command line: BOOT_IMAGE=/boot/vmlinuz-7.1.0-rc4-jerdos-s-g6779b50faa56 root=UUID=cb00099b-6337-4941-aee8-0b83fd2f71bf ro quiet
[    0.000000] x86/CPU: Model not found in latest microcode list
[    0.000000] BIOS-provided physical RAM map:
[    0.000000] BIOS-e820: [mem 0x0000000000000000-0x000000000009fbff]  System RAM
[    0.000000] BIOS-e820: [mem 0x000000000009fc00-0x000000000009ffff]  device reserved
[    0.000000] BIOS-e820: [gap 0x00000000000a0000-0x00000000000dffff]
[    0.000000] BIOS-e820: [mem 0x00000000000e0000-0x00000000000fffff]  device reserved
[    0.000000] BIOS-e820: [mem 0x0000000000100000-0x00000000f7feffff]  System RAM
[    0.000000] BIOS-e820: [mem 0x00000000f7ff0000-0x00000000f7ffefff]  ACPI data
[    0.000000] BIOS-e820: [mem 0x00000000f7fff000-0x00000000f7ffffff]  ACPI NVS
[    0.000000] BIOS-e820: [gap 0x00000000f8000000-0x00000000ffffffff]
[    0.000000] BIOS-e820: [mem 0x0000000100000000-0x0000000107ffffff]  System RAM
[    0.000000] NX (Execute Disable) protection: active
[    0.000000] APIC: Static calls initialized
[    0.000000] DMI: [Firmware Bug]: Corrupted DMI table, offset 478 (only 5 entries processed)
[    0.000000] DMI: SMBIOS 2.3 present.
[    0.000000] DMI: Microsoft Corporation Virtual Machine/Virtual Machine, BIOS 090008  12/07/2018
[    0.000000] DMI: Memory slots populated: 0/0
[    0.000000] Hypervisor detected: Microsoft Hyper-V
[    0.000000] Hyper-V: privilege flags low 0xae7f, high 0x388030, ext 0x22, hints 0x20e24, misc 0xe0bed7b2
[    0.000000] Hyper-V: Nested features: 0x0
[    0.000000] Hyper-V: LAPIC Timer Frequency: 0xc3500
[    0.000000] Hyper-V: Using hypercall for remote TLB flush
[    0.000000] clocksource: hyperv_clocksource_tsc_page: mask: 0xffffffffffffffff max_cycles: 0x24e6a1710, max_idle_ns: 440795202120 ns
[    0.000000] clocksource: hyperv_clocksource_msr: mask: 0xffffffffffffffff max_cycles: 0x24e6a1710, max_idle_ns: 440795202120 ns
[    0.000000] tsc: Detected 2995.200 MHz processor
[    0.000521] e820: update [mem 0x00000000-0x00000fff] System RAM ==> device reserved
[    0.000524] e820: remove [mem 0x000a0000-0x000fffff] System RAM
[    0.000528] last_pfn = 0x108000 max_arch_pfn = 0x400000000
[    0.000551] MTRR map: 4 entries (3 fixed + 1 variable; max 19), built from 8 variable MTRRs
[    0.000553] x86/PAT: Configuration [0-7]: WB  WC  UC- UC  WB  WP  UC- WT  
[    0.000592] last_pfn = 0xf7fff max_arch_pfn = 0x400000000
[    0.006207] found SMP MP-table at [mem 0x000ff780-0x000ff78f]
[    0.006221] Using GB pages for direct mapping
[    0.006338] RAMDISK: [mem 0x0c4b5000-0x22251fff]
[    0.006588] ACPI: Early table checksum verification disabled
[    0.006591] ACPI: RSDP 0x00000000000F5C00 000014 (v00 ACPIAM)
[    0.006594] ACPI: RSDT 0x00000000F7FF0000 000040 (v01 VRTUAL MICROSFT 12001807 MSFT 00000097)
[    0.006598] ACPI: FACP 0x00000000F7FF0200 000081 (v02 VRTUAL MICROSFT 12001807 MSFT 00000097)
[    0.006601] ACPI: DSDT 0x00000000F7FF1D24 003CD5 (v01 MSFTVM MSFTVM02 00000002 INTL 02002026)
[    0.006603] ACPI: FACS 0x00000000F7FFF000 000040
[    0.006604] ACPI: WAET 0x00000000F7FF1A80 000028 (v01 VRTUAL MICROSFT 12001807 MSFT 00000097)
[    0.006606] ACPI: SLIC 0x00000000F7FF1AC0 000176 (v01 VRTUAL MICROSFT 12001807 MSFT 00000097)
[    0.006607] ACPI: OEM0 0x00000000F7FF1CC0 000064 (v01 VRTUAL MICROSFT 12001807 MSFT 00000097)
[    0.006609] ACPI: SRAT 0x00000000F7FF0800 000180 (v02 VRTUAL MICROSFT 00000001 MSFT 00000001)
[    0.006610] ACPI: APIC 0x00000000F7FF0300 0000AA (v01 VRTUAL MICROSFT 12001807 MSFT 00000097)
[    0.006612] ACPI: OEMB 0x00000000F7FFF040 000064 (v01 VRTUAL MICROSFT 12001807 MSFT 00000097)
[    0.006613] ACPI: Reserving FACP table memory at [mem 0xf7ff0200-0xf7ff0280]
[    0.006614] ACPI: Reserving DSDT table memory at [mem 0xf7ff1d24-0xf7ff59f8]
[    0.006614] ACPI: Reserving FACS table memory at [mem 0xf7fff000-0xf7fff03f]
[    0.006615] ACPI: Reserving WAET table memory at [mem 0xf7ff1a80-0xf7ff1aa7]
[    0.006615] ACPI: Reserving SLIC table memory at [mem 0xf7ff1ac0-0xf7ff1c35]
[    0.006615] ACPI: Reserving OEM0 table memory at [mem 0xf7ff1cc0-0xf7ff1d23]
[    0.006616] ACPI: Reserving SRAT table memory at [mem 0xf7ff0800-0xf7ff097f]
[    0.006616] ACPI: Reserving APIC table memory at [mem 0xf7ff0300-0xf7ff03a9]
[    0.006617] ACPI: Reserving OEMB table memory at [mem 0xf7fff040-0xf7fff0a3]
[    0.006678] ACPI: SRAT: Node 0 PXM 0 [mem 0x00000000-0xf7ffffff] hotplug
[    0.006681] ACPI: SRAT: Node 0 PXM 0 [mem 0x100000000-0x107ffffff] hotplug
[    0.006683] ACPI: SRAT: Node 0 PXM 0 [mem 0x108000000-0xfdfffffff] hotplug
[    0.006684] ACPI: SRAT: Node 0 PXM 0 [mem 0x1000000000-0xffffffffff] hotplug
[    0.006688] NUMA: Node 0 [mem 0x00001000-0xf7ffffff] + [mem 0x100000000-0x107ffffff] -> [mem 0x00001000-0x107ffffff]
[    0.006699] NODE_DATA(0) allocated [mem 0x107fd5200-0x107ffffff]
[    0.007552] ACPI: PM-Timer IO Port: 0x408
[    0.007558] ACPI: LAPIC_NMI (acpi_id[0xff] dfl dfl lint[0x1])
[    0.007789] IOAPIC[0]: apic_id 0, version 17, address 0xfec00000, GSI 0-23
[    0.007795] ACPI: INT_SRC_OVR (bus 0 bus_irq 0 global_irq 2 dfl dfl)
[    0.007796] ACPI: INT_SRC_OVR (bus 0 bus_irq 9 global_irq 9 high level)
[    0.007800] ACPI: Using ACPI (MADT) for SMP configuration information
[    0.007801] TSC deadline timer available
[    0.007803] CPU topo: Max. logical packages:   1
[    0.007804] CPU topo: Max. logical nodes:      1
[    0.007804] CPU topo: Num. nodes per package:  1
[    0.007806] CPU topo: Max. logical dies:       1
[    0.007806] CPU topo: Max. dies per package:   1
[    0.007809] CPU topo: Max. threads per core:   2
[    0.007810] CPU topo: Num. cores per package:     6
[    0.007810] CPU topo: Num. threads per package:  11
[    0.007810] CPU topo: Allowing 11 present CPUs plus 0 hotplug CPUs
[    0.007820] random: crng init done
[    0.007825] PM: hibernation: Registered nosave memory: [mem 0x00000000-0x00000fff]
[    0.007826] PM: hibernation: Registered nosave memory: [mem 0x0009f000-0x000fffff]
[    0.007827] PM: hibernation: Registered nosave memory: [mem 0xf7ff0000-0xffffffff]
[    0.007829] [gap 0xf8000000-0xffffffff] available for PCI devices
[    0.007830] Booting paravirtualized kernel on Hyper-V
[    0.007832] clocksource: refined-jiffies: mask: 0xffffffff max_cycles: 0xffffffff, max_idle_ns: 7645519600211568 ns
[    0.016114] Zone ranges:
[    0.016117]   DMA      [mem 0x0000000000001000-0x0000000000ffffff]
[    0.016121]   DMA32    [mem 0x0000000001000000-0x00000000ffffffff]
[    0.016124]   Normal   [mem 0x0000000100000000-0x0000000107ffffff]
[    0.016126]   Device   empty
[    0.016128] Movable zone start for each node
[    0.016131] Early memory node ranges
[    0.016131]   node   0: [mem 0x0000000000001000-0x000000000009efff]
[    0.016134]   node   0: [mem 0x0000000000100000-0x00000000f7feffff]
[    0.016136]   node   0: [mem 0x0000000100000000-0x0000000107ffffff]
[    0.016138] Initmem setup node 0 [mem 0x0000000000001000-0x0000000107ffffff]
[    0.016148] On node 0, zone DMA: 1 pages in unavailable ranges
[    0.016188] On node 0, zone DMA: 97 pages in unavailable ranges
[    0.023169] On node 0, zone Normal: 16 pages in unavailable ranges
[    0.023189] setup_percpu: NR_CPUS:8192 nr_cpumask_bits:11 nr_cpu_ids:11 nr_node_ids:1
[    0.023978] percpu: Embedded 62 pages/cpu s217088 r8192 d28672 u524288
[    0.023984] pcpu-alloc: s217088 r8192 d28672 u524288 alloc=1*2097152
[    0.023987] pcpu-alloc: [0] 00 01 02 03 [0] 04 05 06 07 
[    0.023994] pcpu-alloc: [0] 08 09 10 -- 
[    0.024013] Hyper-V: PV spinlocks enabled
[    0.024016] PV qspinlock hash table entries: 256 (order: 0, 4096 bytes, linear)
[    0.024019] Kernel command line: BOOT_IMAGE=/boot/vmlinuz-7.1.0-rc4-jerdos-s-g6779b50faa56 root=UUID=cb00099b-6337-4941-aee8-0b83fd2f71bf ro quiet
[    0.024079] printk: log buffer data + meta data: 131072 + 557056 = 688128 bytes
[    0.024476] Dentry cache hash table entries: 524288 (order: 10, 4194304 bytes, linear)
[    0.024674] Inode-cache hash table entries: 262144 (order: 9, 2097152 bytes, linear)
[    0.024865] software IO TLB: area num 16.
[    0.037896] Fallback order for Node 0: 0 
[    0.037904] Built 1 zonelists, mobility grouping on.  Total pages: 1048462
[    0.037906] Policy zone: Normal
[    0.037921] mem auto-init: stack:all(zero), heap alloc:on, heap free:off
[    0.046420] SLUB: HWalign=64, Order=0-3, MinObjects=0, CPUs=11, Nodes=1
[    0.053462] ftrace: allocating 48030 entries in 188 pages
[    0.053464] ftrace: allocated 188 pages with 5 groups
[    0.053832] Dynamic Preempt: lazy
[    0.053876] rcu: Preemptible hierarchical RCU implementation.
[    0.053877] rcu: 	RCU restricting CPUs from NR_CPUS=8192 to nr_cpu_ids=11.
[    0.053878] 	Trampoline variant of Tasks RCU enabled.
[    0.053879] 	Rude variant of Tasks RCU enabled.
[    0.053879] 	Tracing variant of Tasks RCU enabled.
[    0.053880] rcu: RCU calculated value of scheduler-enlistment delay is 25 jiffies.
[    0.053880] rcu: Adjusting geometry for rcu_fanout_leaf=16, nr_cpu_ids=11
[    0.053888] RCU Tasks: Setting shift to 4 and lim to 1 rcu_task_cb_adjust=1 rcu_task_cpu_ids=11.
[    0.053889] RCU Tasks Rude: Setting shift to 4 and lim to 1 rcu_task_cb_adjust=1 rcu_task_cpu_ids=11.
[    0.056962] NR_IRQS: 524544, nr_irqs: 512, preallocated irqs: 16
[    0.057510] rcu: srcu_init: Setting srcu_struct sizes based on contention.
[    0.065449] Console: colour VGA+ 80x25
[    0.065455] printk: legacy console [tty0] enabled
[    0.065534] ACPI: Core revision 20251212
[    0.065821] APIC: Switch to symmetric I/O mode setup
[    0.067924] Hyper-V: Hypervisor Build 10.0.22621.7079-7-0
[    0.067928] Hyper-V: enabling crash_kexec_post_notifiers
[    0.067995] Hyper-V: Using IPI hypercalls
[    0.068000] APIC: send_IPI() replaced with hv_send_ipi()
[    0.068010] APIC: send_IPI_mask() replaced with hv_send_ipi_mask()
[    0.068014] APIC: send_IPI_mask_allbutself() replaced with hv_send_ipi_mask_allbutself()
[    0.068017] APIC: send_IPI_allbutself() replaced with hv_send_ipi_allbutself()
[    0.068021] APIC: send_IPI_all() replaced with hv_send_ipi_all()
[    0.068024] APIC: send_IPI_self() replaced with hv_send_ipi_self()
[    0.076617] ..TIMER: vector=0x30 apic1=0 pin1=2 apic2=-1 pin2=-1
[    0.076857] clocksource: tsc-early: mask: 0xffffffffffffffff max_cycles: 0x2b2c8ec87c7, max_idle_ns: 440795278598 ns
[    0.076867] Calibrating delay loop (skipped), value calculated using timer frequency.. 5990.40 BogoMIPS (lpj=11980800)
[    0.077069] x86/cpu: User Mode Instruction Prevention (UMIP) activated
[    0.077107] CET detected: Indirect Branch Tracking enabled
[    0.077110] Last level iTLB entries: 4KB 0, 2MB 0, 4MB 0
[    0.077112] Last level dTLB entries: 4KB 0, 2MB 0, 4MB 0, 1GB 0
[    0.077120] mitigations: Enabled attack vectors: user_kernel, user_user, guest_host, guest_guest, SMT mitigations: auto
[    0.077126] Speculative Store Bypass: Mitigation: Speculative Store Bypass disabled via prctl
[    0.077128] Spectre V2 : Mitigation: Enhanced / Automatic IBRS
[    0.077129] RETBleed: Mitigation: Enhanced IBRS
[    0.077131] Spectre V1 : Mitigation: usercopy/swapgs barriers and __user pointer sanitization
[    0.077132] Spectre V2 : Spectre v2 / PBRSB-eIBRS: Retire a single CALL on VMEXIT
[    0.077135] Spectre V2 : mitigation: Enabling conditional Indirect Branch Prediction Barrier
[    0.077157] x86/fpu: Supporting XSAVE feature 0x001: 'x87 floating point registers'
[    0.077159] x86/fpu: Supporting XSAVE feature 0x002: 'SSE registers'
[    0.077161] x86/fpu: Supporting XSAVE feature 0x004: 'AVX registers'
[    0.077162] x86/fpu: Supporting XSAVE feature 0x800: 'Control-flow User registers'
[    0.077163] x86/fpu: Supporting XSAVE feature 0x1000: 'Control-flow Kernel registers (KVM only)'
[    0.077165] x86/fpu: xstate_offset[2]:  576, xstate_sizes[2]:  256
[    0.077166] x86/fpu: xstate_offset[11]:  832, xstate_sizes[11]:   16
[    0.077168] x86/fpu: xstate_offset[12]:  848, xstate_sizes[12]:   24
[    0.077169] x86/fpu: Enabled xstate features 0x1807, context size is 872 bytes, using 'compacted' format.
[    0.101983] pid_max: default: 32768 minimum: 301
[    0.102136] landlock: Up and running.
[    0.102137] Yama: becoming mindful.
[    0.102222] AppArmor: AppArmor initialized
[    0.102239] TOMOYO Linux initialized
[    0.102407] LSM support for eBPF active
[    0.102478] Mount-cache hash table entries: 8192 (order: 4, 65536 bytes, linear)
[    0.102487] Mountpoint-cache hash table entries: 8192 (order: 4, 65536 bytes, linear)
[    0.102564] VFS: Finished mounting rootfs on nullfs
[    0.103387] smpboot: CPU0: Intel(R) Core(TM) Ultra 7 155H (family: 0x6, model: 0xaa, stepping: 0x4)
[    0.103634] Performance Events: unsupported CPU family 6 model 170 no PMU driver, software events only.
[    0.103690] signal: max sigframe size: 1776
[    0.103727] rcu: Hierarchical SRCU implementation.
[    0.103729] rcu: 	Max phase no-delay instances is 1000.
[    0.103774] Timer migration: 2 hierarchy levels; 8 children per group; 2 crossnode level
[    0.104268] NMI watchdog: Perf NMI watchdog permanently disabled
[    0.104391] smp: Bringing up secondary CPUs ...
[    0.104523] smpboot: x86: Booting SMP configuration:
[    0.104524] .... node  #0, CPUs:        #2  #4  #6  #8 #10  #1  #3  #5  #7  #9
[    0.113149] smp: Brought up 1 node, 11 CPUs
[    0.113169] smpboot: Total of 11 processors activated (65894.40 BogoMIPS)
[    0.118503] Memory: 3637124K/4193848K available (16531K kernel code, 2619K rwdata, 12704K rodata, 4412K init, 4168K bss, 548892K reserved, 0K cma-reserved)
[    0.118503] devtmpfs: initialized
[    0.118503] x86/mm: Memory block size: 128MB
[    0.118503] ACPI: PM: Registering ACPI NVS region [mem 0xf7fff000-0xf7ffffff] (4096 bytes)
[    0.118503] clocksource: jiffies: mask: 0xffffffff max_cycles: 0xffffffff, max_idle_ns: 7645041785100000 ns
[    0.118503] posixtimers hash table entries: 8192 (order: 5, 131072 bytes, linear)
[    0.118503] futex hash table entries: 4096 (262144 bytes on 1 NUMA nodes, total 256 KiB, linear).
[    0.121341] NET: Registered PF_NETLINK/PF_ROUTE protocol family
[    0.121451] DMA: preallocated 512 KiB GFP_KERNEL pool for atomic allocations
[    0.121491] DMA: preallocated 512 KiB GFP_KERNEL|GFP_DMA pool for atomic allocations
[    0.121532] DMA: preallocated 512 KiB GFP_KERNEL|GFP_DMA32 pool for atomic allocations
[    0.121537] audit: initializing netlink subsys (disabled)
[    0.121559] thermal_sys: Registered thermal governor 'fair_share'
[    0.121559] thermal_sys: Registered thermal governor 'bang_bang'
[    0.121559] thermal_sys: Registered thermal governor 'step_wise'
[    0.121559] thermal_sys: Registered thermal governor 'user_space'
[    0.121559] thermal_sys: Registered thermal governor 'power_allocator'
[    0.121559] cpuidle: using governor ladder
[    0.121559] cpuidle: using governor menu
[    0.121559] audit: type=2000 audit(1779881655.044:1): state=initialized audit_enabled=0 res=1
[    0.121559] Freeing SMP alternatives memory: 44K
[    0.121559] acpiphp: ACPI Hot Plug PCI Controller Driver version: 0.5
[    0.121559] PCI: Using configuration type 1 for base access
[    0.121875] kprobes: kprobe jump-optimization is enabled. All kprobes are optimized if possible.
[    0.125224] HugeTLB: registered 1.00 GiB page size, pre-allocated 0 pages
[    0.125228] HugeTLB: 16380 KiB vmemmap can be freed for a 1.00 GiB page
[    0.125231] HugeTLB: registered 2.00 MiB page size, pre-allocated 0 pages
[    0.125232] HugeTLB: 28 KiB vmemmap can be freed for a 2.00 MiB page
[    0.166524] ACPI: Added _OSI(Module Device)
[    0.166527] ACPI: Added _OSI(Processor Device)
[    0.166528] ACPI: Added _OSI(Processor Aggregator Device)
[    0.167446] ACPI: 1 ACPI AML tables successfully acquired and loaded
[    0.169148] ACPI: \_SB_: platform _OSC: OS support mask [002e7eff]
[    0.169148] ACPI: Interpreter enabled
[    0.169148] ACPI: PM: (supports S0 S5)
[    0.169148] ACPI: Using IOAPIC for interrupt routing
[    0.169148] PCI: Using host bridge windows from ACPI; if necessary, use "pci=nocrs" and report a bug
[    0.169148] PCI: Using E820 reservations for host bridge windows
[    0.169360] ACPI: Enabled 1 GPEs in block 00 to 0F
[    0.184825] ACPI: PCI Root Bridge [PCI0] (domain 0000 [bus 00-ff])
[    0.184831] acpi PNP0A03:00: _OSC: OS supports [ASPM ClockPM Segments MSI HPX-Type3]
[    0.184832] acpi PNP0A03:00: _OSC: not requesting OS control; OS requires [ExtendedConfig ASPM ClockPM MSI]
[    0.184835] acpi PNP0A03:00: _OSC: platform retains control of PCIe features (AE_ERROR)
[    0.184840] acpi PNP0A03:00: fail to add MMCONFIG information, can't access extended configuration space under this bridge
[    0.184921] PCI host bridge to bus 0000:00
[    0.184923] pci_bus 0000:00: root bus resource [mem 0xfe0000000-0xfffffffff window]
[    0.184924] pci_bus 0000:00: root bus resource [io  0x0000-0x0cf7 window]
[    0.184925] pci_bus 0000:00: root bus resource [io  0x0d00-0xffff window]
[    0.184926] pci_bus 0000:00: root bus resource [mem 0x000a0000-0x000bffff window]
[    0.184927] pci_bus 0000:00: root bus resource [mem 0xf8000000-0xfffbffff window]
[    0.184928] pci_bus 0000:00: root bus resource [bus 00-ff]
[    0.185026] pci 0000:00:00.0: [8086:7192] type 00 class 0x060000 conventional PCI endpoint
[    0.186086] pci 0000:00:07.0: [8086:7110] type 00 class 0x060100 conventional PCI endpoint
[    0.187065] pci 0000:00:07.1: [8086:7111] type 00 class 0x010180 conventional PCI endpoint
[    0.188508] pci 0000:00:07.1: BAR 4 [io  0xffa0-0xffaf]
[    0.188664] pci 0000:00:07.1: BAR 0 [io  0x01f0-0x01f7]: legacy IDE quirk
[    0.188666] pci 0000:00:07.1: BAR 1 [io  0x03f6]: legacy IDE quirk
[    0.188667] pci 0000:00:07.1: BAR 2 [io  0x0170-0x0177]: legacy IDE quirk
[    0.188668] pci 0000:00:07.1: BAR 3 [io  0x0376]: legacy IDE quirk
[    0.189966] * Found PM-Timer Bug on the chipset. Due to workarounds for a bug,
               * this clock source is slow. Consider trying other clock sources
[    0.189968] pci 0000:00:07.3: [8086:7113] type 00 class 0x068000 conventional PCI endpoint
[    0.191368] pci 0000:00:07.3: quirk: [io  0x0400-0x043f] claimed by PIIX4 ACPI
[    0.192051] pci 0000:00:08.0: [1414:5353] type 00 class 0x030000 conventional PCI endpoint
[    0.192939] pci 0000:00:08.0: BAR 0 [mem 0xf8000000-0xfbffffff]
[    0.193168] pci 0000:00:08.0: Video device with shadowed ROM at [mem 0x000c0000-0x000dffff]
[    0.201832] ACPI: PCI: Interrupt link LNKA configured for IRQ 11
[    0.201934] ACPI: PCI: Interrupt link LNKB configured for IRQ 0
[    0.201935] ACPI: PCI: Interrupt link LNKB disabled
[    0.202025] ACPI: PCI: Interrupt link LNKC configured for IRQ 0
[    0.202025] ACPI: PCI: Interrupt link LNKC disabled
[    0.202115] ACPI: PCI: Interrupt link LNKD configured for IRQ 0
[    0.202116] ACPI: PCI: Interrupt link LNKD disabled
[    0.202248] iommu: Default domain type: Translated
[    0.202248] iommu: DMA domain TLB invalidation policy: lazy mode
[    0.202248] pps_core: LinuxPPS API ver. 1 registered
[    0.202248] pps_core: Software ver. 5.3.6 - Copyright 2005-2007 Rodolfo Giometti <giometti@linux.it>
[    0.202248] PTP clock support registered
[    0.202248] EDAC MC: Ver: 3.0.0
[    0.204914] hv_vmbus: Vmbus version:5.3
[    0.205329] NetLabel: Initializing
[    0.205329] NetLabel:  domain hash size = 128
[    0.205329] NetLabel:  protocols = UNLABELED CIPSOv4 CALIPSO
[    0.205329] NetLabel:  unlabeled traffic allowed by default
[    0.205329] PCI: Using ACPI for IRQ routing
[    0.205329] PCI: pci_cache_line_size set to 64 bytes
[    0.205329] e820: register RAM buffer resource [mem 0x0009fc00-0x0009ffff]
[    0.205329] e820: register RAM buffer resource [mem 0xf7ff0000-0xf7ffffff]
[    0.205329] pci 0000:00:08.0: vgaarb: setting as boot VGA device
[    0.205329] pci 0000:00:08.0: vgaarb: bridge control possible
[    0.205329] pci 0000:00:08.0: vgaarb: VGA device added: decodes=io+mem,owns=io+mem,locks=none
[    0.205329] vgaarb: loaded
[    0.206116] clocksource: Switched to clocksource tsc-early
[    0.206116] VFS: Disk quotas dquot_6.6.0
[    0.206116] VFS: Dquot-cache hash table entries: 512 (order 0, 4096 bytes)
[    0.206116] AppArmor: AppArmor Filesystem Enabled
[    0.206116] acpi PNP0C02:00: Skipped [io  0x0010-0x001f]
[    0.206116] acpi PNP0C02:00: Skipped [io  0x0022-0x003f]
[    0.206116] acpi PNP0C02:00: Skipped [io  0x0044-0x005f]
[    0.206116] acpi PNP0C02:00: Skipped [io  0x0062-0x0063]
[    0.206116] acpi PNP0C02:00: Skipped [io  0x0065-0x006f]
[    0.206116] acpi PNP0C02:00: Skipped [io  0x0072-0x007f]
[    0.206116] acpi PNP0C02:00: Skipped [io  0x0080]
[    0.206116] acpi PNP0C02:00: Skipped [io  0x0084-0x0086]
[    0.206116] acpi PNP0C02:00: Skipped [io  0x0088]
[    0.206116] acpi PNP0C02:00: Skipped [io  0x008c-0x008e]
[    0.206116] acpi PNP0C02:00: Skipped [io  0x0090-0x009f]
[    0.206116] acpi PNP0C02:00: Skipped [io  0x00a2-0x00bf]
[    0.206116] acpi PNP0C02:00: Skipped [io  0x00e0-0x00ef]
[    0.206116] acpi PNP0C02:00: Reserved [io  0x01e0-0x01ef]
[    0.206116] acpi PNP0C02:00: Reserved [io  0x0160-0x016f]
[    0.206116] acpi PNP0C02:00: Reserved [io  0x0278-0x027f]
[    0.206116] acpi PNP0C02:00: Reserved [io  0x0378-0x037f]
[    0.206116] acpi PNP0C02:00: Reserved [io  0x0678-0x067f]
[    0.206116] acpi PNP0C02:00: Reserved [io  0x0778-0x077f]
[    0.206116] acpi PNP0C02:00: Reserved [io  0x04d0-0x04d1]
[    0.206116] acpi PNP0C02:01: Reserved [io  0x0400-0x043f]
[    0.206116] acpi PNP0C02:01: Reserved [io  0x0370-0x0371]
[    0.206116] acpi PNP0C02:01: Reserved [io  0x0440-0x044f]
[    0.206116] acpi PNP0C02:01: Could not reserve [mem 0xfec00000-0xfec00fff]
[    0.206116] acpi PNP0C02:01: Reserved [mem 0xfee00000-0xfee00fff]
[    0.206127] acpi PNP0C01:00: Could not reserve [mem 0x00000000-0x0009ffff]
[    0.206129] acpi PNP0C01:00: Could not reserve [mem 0x000c0000-0x000dffff]
[    0.206130] acpi PNP0C01:00: Could not reserve [mem 0x000e0000-0x000fffff]
[    0.206132] acpi PNP0C01:00: Could not reserve [mem 0x00100000-0xf7ffffff]
[    0.206136] acpi PNP0C01:00: Reserved [mem 0xfffc0000-0xffffffff]
[    0.206151] pnp: PnP ACPI init
[    0.206882] pnp 00:02: [dma 0 disabled]
[    0.207756] pnp 00:03: [dma 0 disabled]
[    0.208404] pnp 00:04: [dma 2]
[    0.208687] pnp: PnP ACPI: found 5 devices
[    0.220052] clocksource: acpi_pm: mask: 0xffffff max_cycles: 0xffffff, max_idle_ns: 2085701024 ns
[    0.220130] NET: Registered PF_INET protocol family
[    0.220211] IP idents hash table entries: 65536 (order: 7, 524288 bytes, linear)
[    0.230898] tcp_listen_portaddr_hash hash table entries: 2048 (order: 3, 32768 bytes, linear)
[    0.230911] Table-perturb hash table entries: 65536 (order: 6, 262144 bytes, linear)
[    0.230923] TCP established hash table entries: 32768 (order: 6, 262144 bytes, linear)
[    0.231014] TCP bind hash table entries: 32768 (order: 8, 1048576 bytes, linear)
[    0.231062] TCP: Hash tables configured (established 32768 bind 32768)
[    0.231106] MPTCP token hash table entries: 4096 (order: 5, 98304 bytes, linear)
[    0.231120] UDP hash table entries: 2048 (order: 5, 131072 bytes, linear)
[    0.231150] NET: Registered PF_UNIX/PF_LOCAL protocol family
[    0.231155] NET: Registered PF_XDP protocol family
[    0.231163] pci_bus 0000:00: resource 4 [mem 0xfe0000000-0xfffffffff window]
[    0.231165] pci_bus 0000:00: resource 5 [io  0x0000-0x0cf7 window]
[    0.231166] pci_bus 0000:00: resource 6 [io  0x0d00-0xffff window]
[    0.231166] pci_bus 0000:00: resource 7 [mem 0x000a0000-0x000bffff window]
[    0.231167] pci_bus 0000:00: resource 8 [mem 0xf8000000-0xfffbffff window]
[    0.231183] pci 0000:00:00.0: Limiting direct PCI/PCI transfers
[    0.231339] PCI: CLS 0 bytes, default 64
[    0.231436] PCI-DMA: Using software bounce buffering for IO (SWIOTLB)
[    0.231437] software IO TLB: mapped [mem 0x00000000f3ff0000-0x00000000f7ff0000] (64MB)
[    0.231458] clocksource: tsc: mask: 0xffffffffffffffff max_cycles: 0x2b2c8ec87c7, max_idle_ns: 440795278598 ns
[    0.234846] Trying to unpack rootfs image as initramfs...
[    0.236386] clocksource: Switched to clocksource tsc
[    0.238635] Initialise system trusted keyrings
[    0.238645] Key type blacklist registered
[    0.239288] workingset: timestamp_bits=36 (anon: 32) max_order=20 bucket_order=0 (anon: 0)
[    0.240275] fuse: init (API version 7.45)
[    0.242960] integrity: Platform Keyring initialized
[    0.242963] integrity: Machine keyring initialized
[    0.249735] Key type asymmetric registered
[    0.249741] Asymmetric key parser 'x509' registered
[    0.249788] Block layer SCSI generic (bsg) driver version 0.4 loaded (major 245)
[    0.250288] io scheduler mq-deadline registered
[    0.255210] ledtrig-cpu: registered to indicate activity on CPUs
[    0.257001] Serial: 8250/16550 driver, 4 ports, IRQ sharing enabled
[    0.257331] 00:02: ttyS0 at I/O 0x3f8 (irq = 4, base_baud = 115200) is a 16550A
[    0.257735] 00:03: ttyS1 at I/O 0x2f8 (irq = 3, base_baud = 115200) is a 16550A
[    0.259460] hv_vmbus: registering driver hv_netvsc
[    0.287509] i8042: PNP: PS/2 Controller [PNP0303:PS2K,PNP0f03:PS2M] at 0x60,0x64 irq 1,12
[    0.291331] serio: i8042 KBD port at 0x60,0x64 irq 1
[    0.291338] serio: i8042 AUX port at 0x60,0x64 irq 12
[    0.291351] hv_vmbus: registering driver hyperv_keyboard
[    0.291562] mousedev: PS/2 mouse device common for all mice
[    0.291607] rtc_cmos PNP0B00:00: RTC can wake from S4
[    0.292757] rtc_cmos PNP0B00:00: registered as rtc0
[    0.292943] rtc_cmos PNP0B00:00: setting system clock to 2026-05-27T11:34:16 UTC (1779881656)
[    0.293023] rtc_cmos PNP0B00:00: alarms up to one month, 114 bytes nvram
[    0.293036] intel_pstate: CPU model not supported
[    0.293282] NET: Registered PF_INET6 protocol family
[    0.298934] Segment Routing with IPv6
[    0.298945] In-situ OAM (IOAM) with IPv6
[    0.298969] mip6: Mobile IPv6
[    0.298973] NET: Registered PF_PACKET protocol family
[    0.299140] mpls_gso: MPLS GSO support
[    0.301745] IPI shorthand broadcast: enabled
[    0.303831] sched_clock: Marking stable (284042982, 18622277)->(310049073, -7383814)
[    0.304566] registered taskstats version 1
[    0.304722] Loading compiled-in X.509 certificates
[    0.305547] Loaded X.509 cert 'Build time autogenerated kernel key: dd6189effcd2000a497e9e5f9fb84739b865ec79'
[    0.307676] Demotion targets for Node 0: null
[    0.307900] Key type .fscrypt registered
[    0.307902] Key type fscrypt-provisioning registered
[    0.345078] input: AT Translated Set 2 keyboard as /devices/platform/i8042/serio0/input/input0
[    0.345984] input: AT Translated Set 2 keyboard as /devices/LNXSYSTM:00/LNXSYBUS:00/PNP0A03:00/device:07/VMBUS:01/d34b2567-b9b6-42b9-8778-0a4ec0b955bf/serio2/input/input2
[    0.433913] Freeing initrd memory: 358004K
[    0.448823] Key type encrypted registered
[    0.448828] AppArmor: AppArmor sha256 policy hashing enabled
[    0.448831] ima: No TPM chip found, activating TPM-bypass!
[    0.448833] ima: Allocated hash algorithm: sha256
[    0.448843] ima: No architecture policies found
[    0.448857] evm: Initialising EVM extended attributes:
[    0.448858] evm: security.selinux
[    0.448859] evm: security.SMACK64 (disabled)
[    0.448859] evm: security.SMACK64EXEC (disabled)
[    0.448873] evm: security.SMACK64TRANSMUTE (disabled)
[    0.448874] evm: security.SMACK64MMAP (disabled)
[    0.448874] evm: security.apparmor
[    0.448875] evm: security.ima
[    0.448875] evm: security.capability
[    0.448876] evm: HMAC attrs: 0x1
[    0.449043] RAS: Correctable Errors collector initialized.
[    0.449234] clk: Disabling unused clocks
[    0.449237] PM: genpd: Disabling unused power domains
[    0.459328] Freeing unused decrypted memory: 2028K
[    0.460137] Freeing unused kernel image (initmem) memory: 4412K
[    0.460154] Write protecting the kernel read-only data: 32768k
[    0.461075] Freeing unused kernel image (text/rodata gap) memory: 1900K
[    0.461661] Freeing unused kernel image (rodata/data gap) memory: 1632K
[    0.471470] x86/mm: Checked W+X mappings: passed, no W+X pages found.
[    0.471480] Run /init as init process
[    0.471481]   with arguments:
[    0.471483]     /init
[    0.471484]   with environment:
[    0.471485]     HOME=/
[    0.471486]     TERM=linux
[    0.551799] Floppy drive(s): fd0 is 1.44M
[    0.564891] piix4_smbus 0000:00:07.3: SMBus base address uninitialized - upgrade BIOS or use force_addr=0xaddr
[    0.570308] FDC 0 is an 82078.
[    0.637591] SCSI subsystem initialized
[    0.694678] hv_vmbus: registering driver hv_storvsc
[    0.696607] scsi host1: storvsc_host_t
[    0.696854] scsi 1:0:0:0: Direct-Access     Msft     Virtual Disk     1.0  PQ: 0 ANSI: 5
[    0.697153] scsi host0: storvsc_host_t
[    0.751248] libata version 3.00 loaded.
[    0.752757] sd 1:0:0:0: [sda] 266338304 512-byte logical blocks: (136 GB/127 GiB)
[    0.752759] sd 1:0:0:0: [sda] 4096-byte physical blocks
[    0.752916] sd 1:0:0:0: [sda] Write Protect is off
[    0.752917] sd 1:0:0:0: [sda] Mode Sense: 0f 00 00 00
[    0.753293] sd 1:0:0:0: [sda] Write cache: enabled, read cache: enabled, doesn't support DPO or FUA
[    0.762462] ata_piix 0000:00:07.1: Hyper-V Virtual Machine detected, ATA device ignore set
[    0.763947] scsi host2: ata_piix
[    0.764189] scsi host3: ata_piix
[    0.764236] ata1: PATA max UDMA/33 cmd 0x1f0 ctl 0x3f6 bmdma 0xffa0 irq 14 lpm-pol 0
[    0.764238] ata2: PATA max UDMA/33 cmd 0x170 ctl 0x376 bmdma 0xffa8 irq 15 lpm-pol 0
[    0.810702] psmouse serio1: trackpoint: failed to get extended button data, assuming 3 buttons
[    0.817468]  sda: sda1 sda2 < sda5 >
[    0.817847] sd 1:0:0:0: [sda] Attached SCSI disk
[    1.213680] ata2.00: ATAPI: Virtual CD, , max MWDMA2
[    1.264865] scsi 3:0:0:0: CD-ROM            Msft     Virtual CD/ROM   1.0  PQ: 0 ANSI: 5
[    1.412985] sr 3:0:0:0: [sr0] scsi3-mmc drive: 0x/0x tray
[    1.415003] cdrom: Uniform CD-ROM driver Revision: 3.20
[    1.446870] sr 3:0:0:0: Attached scsi CD-ROM sr0
[    1.824012] PM: Image not found (code -22)
[    2.892418] EXT4-fs (sda1): orphan cleanup on readonly fs
[    2.892921] EXT4-fs (sda1): mounted filesystem cb00099b-6337-4941-aee8-0b83fd2f71bf ro with ordered data mode. Quota mode: none.
[    2.941927] Not activating Mandatory Access Control as /sbin/tomoyo-init does not exist.
[    3.024513] systemd[1]: Inserted module 'autofs4'
[    3.058018] systemd[1]: systemd 257.13-1~deb13u1 running in system mode (+PAM +AUDIT +SELINUX +APPARMOR +IMA +IPE +SMACK +SECCOMP +GCRYPT -GNUTLS +OPENSSL +ACL +BLKID +CURL +ELFUTILS +FIDO2 +IDN2 -IDN +IPTC +KMOD +LIBCRYPTSETUP +LIBCRYPTSETUP_PLUGINS +LIBFDISK +PCRE2 +PWQUALITY +P11KIT +QRENCODE +TPM2 +BZIP2 +LZ4 +XZ +ZLIB +ZSTD +BPF_FRAMEWORK +BTF -XKBCOMMON -UTMP +SYSVINIT +LIBARCHIVE)
[    3.058024] systemd[1]: Detected virtualization microsoft.
[    3.058035] systemd[1]: Detected architecture x86-64.
[    3.059088] systemd[1]: Hostname set to <vm>.
[    3.122621] systemd[1]: bpf-restrict-fs: LSM BPF program attached
[    3.170114] Guest personality initialized and is inactive
[    3.170188] VMCI host device registered (name=vmci, major=10, minor=260)
[    3.170189] Initialized host personality
[    3.203022] NET: Registered PF_VSOCK protocol family
[    3.277088] systemd-ssh-generator[283]: Failed to query local AF_VSOCK CID: Cannot assign requested address
[    3.277897] (sd-exec-[275]: /usr/lib/systemd/system-generators/systemd-ssh-generator failed with exit status 1.
[    3.390150] systemd[1]: Queued start job for default target graphical.target.
[    3.444332] systemd[1]: Created slice system-getty.slice - Slice /system/getty.
[    3.444762] systemd[1]: Created slice system-modprobe.slice - Slice /system/modprobe.
[    3.444988] systemd[1]: Created slice user.slice - User and Session Slice.
[    3.445049] systemd[1]: Started systemd-ask-password-console.path - Dispatch Password Requests to Console Directory Watch.
[    3.445087] systemd[1]: Started systemd-ask-password-wall.path - Forward Password Requests to Wall Directory Watch.
[    3.445277] systemd[1]: Set up automount proc-sys-fs-binfmt_misc.automount - Arbitrary Executable File Formats File System Automount Point.
[    3.445301] systemd[1]: Expecting device dev-disk-by\x2duuid-db71e4f5\x2dd01c\x2d4af7\x2d8deb\x2d32c65f22db6f.device - /dev/disk/by-uuid/db71e4f5-d01c-4af7-8deb-32c65f22db6f...
[    3.445335] systemd[1]: Reached target paths.target - Path Units.
[    3.445353] systemd[1]: Reached target remote-fs.target - Remote File Systems.
[    3.445366] systemd[1]: Reached target slices.target - Slice Units.
[    3.446950] systemd[1]: Listening on systemd-creds.socket - Credential Encryption/Decryption.
[    3.447060] systemd[1]: Listening on systemd-initctl.socket - initctl Compatibility Named Pipe.
[    3.447154] systemd[1]: Listening on systemd-journald-dev-log.socket - Journal Socket (/dev/log).
[    3.447230] systemd[1]: Listening on systemd-journald.socket - Journal Sockets.
[    3.447261] systemd[1]: systemd-pcrextend.socket - TPM PCR Measurements skipped, unmet condition check ConditionSecurity=measured-uki
[    3.447280] systemd[1]: systemd-pcrlock.socket - Make TPM PCR Policy skipped, unmet condition check ConditionSecurity=measured-uki
[    3.447349] systemd[1]: Listening on systemd-udevd-control.socket - udev Control Socket.
[    3.447400] systemd[1]: Listening on systemd-udevd-kernel.socket - udev Kernel Socket.
[    3.448879] systemd[1]: Mounting dev-hugepages.mount - Huge Pages File System...
[    3.449813] systemd[1]: Mounting dev-mqueue.mount - POSIX Message Queue File System...
[    3.454865] systemd[1]: Mounting run-lock.mount - Legacy Locks Directory /run/lock...
[    3.455903] systemd[1]: Mounting sys-kernel-debug.mount - Kernel Debug File System...
[    3.456672] systemd[1]: Mounting sys-kernel-tracing.mount - Kernel Trace File System...
[    3.459744] systemd[1]: Starting keyboard-setup.service - Set the console keyboard layout...
[    3.461275] systemd[1]: Starting kmod-static-nodes.service - Create List of Static Device Nodes...
[    3.462164] systemd[1]: Starting modprobe@configfs.service - Load Kernel Module configfs...
[    3.463458] systemd[1]: Starting modprobe@drm.service - Load Kernel Module drm...
[    3.464402] systemd[1]: Starting modprobe@efi_pstore.service - Load Kernel Module efi_pstore...
[    3.465128] systemd[1]: Starting modprobe@fuse.service - Load Kernel Module fuse...
[    3.465202] systemd[1]: systemd-fsck-root.service - File System Check on Root Device skipped, unmet condition check ConditionPathExists=!/run/initramfs/fsck-root
[    3.465242] systemd[1]: systemd-hibernate-clear.service - Clear Stale Hibernate Storage Info skipped, unmet condition check ConditionPathExists=/sys/firmware/efi/efivars/HibernateLocation-8cf2644b-4b0b-428f-9387-6d876050dc67
[    3.468768] systemd[1]: Starting systemd-journald.service - Journal Service...
[    3.470451] systemd[1]: Starting systemd-modules-load.service - Load Kernel Modules...
[    3.470480] systemd[1]: systemd-pcrmachine.service - TPM PCR Machine ID Measurement skipped, unmet condition check ConditionSecurity=measured-uki
[    3.471539] systemd[1]: Starting systemd-remount-fs.service - Remount Root and Kernel File Systems...
[    3.471569] systemd[1]: systemd-tpm2-setup-early.service - Early TPM SRK Setup skipped, unmet condition check ConditionSecurity=measured-uki
[    3.472279] systemd[1]: Starting systemd-udev-load-credentials.service - Load udev Rules from Credentials...
[    3.473409] systemd[1]: Starting systemd-udev-trigger.service - Coldplug All udev Devices...
[    3.476673] systemd[1]: Finished kmod-static-nodes.service - Create List of Static Device Nodes.
[    3.477621] systemd[1]: modprobe@fuse.service: Deactivated successfully.
[    3.477993] systemd[1]: Finished modprobe@fuse.service - Load Kernel Module fuse.
[    3.478960] systemd[1]: Mounting sys-fs-fuse-connections.mount - FUSE Control File System...
[    3.480725] systemd[1]: Starting systemd-tmpfiles-setup-dev-early.service - Create Static Device Nodes in /dev gracefully...
[    3.481303] systemd[1]: Finished systemd-modules-load.service - Load Kernel Modules.
[    3.483197] systemd[1]: Starting systemd-sysctl.service - Apply Kernel Variables...
[    3.485254] systemd[1]: Mounted dev-mqueue.mount - POSIX Message Queue File System.
[    3.485739] systemd[1]: Mounted dev-hugepages.mount - Huge Pages File System.
[    3.485841] systemd[1]: Mounted run-lock.mount - Legacy Locks Directory /run/lock.
[    3.485908] systemd[1]: Mounted sys-kernel-debug.mount - Kernel Debug File System.
[    3.485975] systemd[1]: Mounted sys-kernel-tracing.mount - Kernel Trace File System.
[    3.486040] systemd[1]: Mounted sys-fs-fuse-connections.mount - FUSE Control File System.
[    3.487739] systemd[1]: Finished systemd-udev-load-credentials.service - Load udev Rules from Credentials.
[    3.487935] systemd[1]: modprobe@efi_pstore.service: Deactivated successfully.
[    3.488065] systemd[1]: Finished modprobe@efi_pstore.service - Load Kernel Module efi_pstore.
[    3.490575] systemd-journald[302]: Collecting audit messages is disabled.
[    3.493440] systemd[1]: Finished systemd-sysctl.service - Apply Kernel Variables.
[    3.499090] systemd[1]: Started systemd-journald.service - Journal Service.
[    3.503856] EXT4-fs (sda1): re-mounted cb00099b-6337-4941-aee8-0b83fd2f71bf r/w.
[    3.531495] systemd-journald[302]: Received client request to flush runtime journal.
[    3.640235] input: Power Button as /devices/platform/LNXPWRBN:00/input/input4
[    3.645935] ACPI: button: Power Button [PWRF]
[    3.650064] sd 1:0:0:0: Attached scsi generic sg0 type 0
[    3.653667] sr 3:0:0:0: Attached scsi generic sg1 type 5
[    3.676354] input: PC Speaker as /devices/platform/pcspkr/input/input5
[    3.732678] ACPI: bus type drm_connector registered
[    3.820818] Adding 4191228k swap on /dev/sda5.  Priority:-1 extents:1 across:4191228k 
[    3.917973] RAPL PMU: API unit is 2^-32 Joules, 0 fixed counters, 10737418240 ms ovfl timer
[    3.940580] Error: Driver 'pcspkr' is already registered, aborting...
[    4.197403] intel_rapl_msr: PL4 support detected (updated).
[    4.530778] psmouse serio1: trackpoint: IBM TrackPoint firmware: 0x01, buttons: 3/3
[    4.531600] input: TPPS/2 IBM TrackPoint as /devices/platform/i8042/serio1/input/input3
[    4.551337] audit: type=1400 audit(1779881660.756:2): apparmor="STATUS" operation="profile_load" profile="unconfined" name="notepadqq" pid=490 comm="apparmor_parser"
[    4.551341] audit: type=1400 audit(1779881660.756:3): apparmor="STATUS" operation="profile_load" profile="unconfined" name="Discord" pid=445 comm="apparmor_parser"
[    4.551342] audit: type=1400 audit(1779881660.756:4): apparmor="STATUS" operation="profile_load" profile="unconfined" name="rpm" pid=503 comm="apparmor_parser"
[    4.551343] audit: type=1400 audit(1779881660.756:5): apparmor="STATUS" operation="profile_load" profile="unconfined" name="sbuild-adduser" pid=508 comm="apparmor_parser"
[    4.551344] audit: type=1400 audit(1779881660.756:6): apparmor="STATUS" operation="profile_load" profile="unconfined" name="lxc-stop" pid=483 comm="apparmor_parser"
[    4.551345] audit: type=1400 audit(1779881660.756:7): apparmor="STATUS" operation="profile_load" profile="unconfined" name="sbuild-apt" pid=509 comm="apparmor_parser"
[    4.551345] audit: type=1400 audit(1779881660.756:8): apparmor="STATUS" operation="profile_load" profile="unconfined" name="chrome" pid=456 comm="apparmor_parser"
[    4.551346] audit: type=1400 audit(1779881660.756:9): apparmor="STATUS" operation="profile_load" profile="unconfined" name="firefox" pid=464 comm="apparmor_parser"
[    4.551347] audit: type=1400 audit(1779881660.756:10): apparmor="STATUS" operation="profile_load" profile="unconfined" name="linux-sandbox" pid=476 comm="apparmor_parser"
[    4.713561] 8021q: 802.1Q VLAN Support v1.8
[    5.253073] cfg80211: Loading compiled-in X.509 certificates for regulatory database
[    5.253179] Loaded X.509 cert 'sforshee: 00b28ddf47aef9cea7'
[    5.253255] Loaded X.509 cert 'wens: 61c038651aabdcf94bd0ac7ff06c7248db18c600'
[    5.254813] cfg80211: loaded regulatory.db is malformed or signature is missing/invalid
[  107.093158] TCP: eth0: Driver has suspect GRO implementation, TCP performance may be compromised.
